
> agentpay@0.1.0 test
> jest --passWithNoTests

npm : ts-jest[ts-jest-transformer] (WARN) Define `ts-jest` config under `globals` is deprecated. Please do
At line:1 char:1
+ npm test > test-output.txt 2>&1
+ ~~~~~~~~~~~~~~~~~~~~~~~~~~~~~~~
    + CategoryInfo          : NotSpecified: (ts-jest[ts-jest...ated. Please do:String) [], RemoteException
    + FullyQualifiedErrorId : NativeCommandError
 
transform: {
    <transform_regex>: ['ts-jest', { /* ts-jest config goes here in Jest */ }],
},
See more at https://kulshekhar.github.io/ts-jest/docs/getting-started/presets#advanced
ts-jest[ts-jest-transformer] (WARN) Define `ts-jest` config under `globals` is deprecated. Please do
transform: {
    <transform_regex>: ['ts-jest', { /* ts-jest config goes here in Jest */ }],
},
See more at https://kulshekhar.github.io/ts-jest/docs/getting-started/presets#advanced
FAIL tests/security.test.ts
  ΓùÅ Payment Verification Security ΓÇ║ Recipient Address Validation ΓÇ║ should accept valid Solana addresses

    expect(received).toBe(expected) // Object.is equality

    Expected: true
    Received: false

    [0m [90m 14 |[39m
     [90m 15 |[39m       validAddresses[33m.[39mforEach((address) [33m=>[39m {
    [31m[1m>[22m[39m[90m 16 |[39m         expect(isValidSolanaAddress(address))[33m.[39mtoBe([36mtrue[39m)[33m;[39m
     [90m    |[39m                                               [31m[1m^[22m[39m
     [90m 17 |[39m       })[33m;[39m
     [90m 18 |[39m     })[33m;[39m
     [90m 19 |[39m[0m

      at tests/security.test.ts:16:47
          at Array.forEach (<anonymous>)
      at Object.<anonymous> (tests/security.test.ts:15:22)

{"level":50,"time":1771295414994,"pid":26336,"hostname":"Rajivs-Lenevo","msg":"Error verifying payment recipient: failed to get transaction: Invalid param: Invalid"}
{"level":50,"time":1771295415294,"pid":24872,"hostname":"Rajivs-Lenevo","msg":"Failed to initialize test database:"}
::ffff:127.0.0.1 - - [17/Feb/2026:02:30:15 +0000] "GET /health HTTP/1.1" 200 54 "-" "-"
{"level":50,"time":1771295415451,"pid":24872,"hostname":"Rajivs-Lenevo","msg":"Error registering merchant"}
::ffff:127.0.0.1 - - [17/Feb/2026:02:30:15 +0000] "POST /api/merchants/register HTTP/1.1" 400 78 "-" "-"
{"level":50,"time":1771295415451,"pid":24872,"hostname":"Rajivs-Lenevo","msg":"Registration error:"}
{"level":50,"time":1771295415550,"pid":24872,"hostname":"Rajivs-Lenevo","msg":"Error registering merchant"}
::ffff:127.0.0.1 - - [17/Feb/2026:02:30:15 +0000] "POST /api/merchants/register HTTP/1.1" 400 78 "-" "-"
{"level":50,"time":1771295415550,"pid":24872,"hostname":"Rajivs-Lenevo","msg":"Registration error:"}
{"level":50,"time":1771295415746,"pid":24872,"hostname":"Rajivs-Lenevo","msg":"Error registering merchant"}
::ffff:127.0.0.1 - - [17/Feb/2026:02:30:15 +0000] "POST /api/merchants/register HTTP/1.1" 400 78 "-" "-"
{"level":50,"time":1771295415746,"pid":24872,"hostname":"Rajivs-Lenevo","msg":"Registration error:"}
::ffff:127.0.0.1 - - [17/Feb/2026:02:30:15 +0000] "POST /api/merchants/register HTTP/1.1" 400 74 "-" "-"
::ffff:127.0.0.1 - - [17/Feb/2026:02:30:15 +0000] "POST /api/merchants/register HTTP/1.1" 400 103 "-" "-"
{"level":50,"time":1771295415844,"pid":24872,"hostname":"Rajivs-Lenevo","msg":"Error registering merchant"}
::ffff:127.0.0.1 - - [17/Feb/2026:02:30:15 +0000] "POST /api/merchants/register HTTP/1.1" 400 78 "-" "-"
{"level":50,"time":1771295415844,"pid":24872,"hostname":"Rajivs-Lenevo","msg":"Registration error:"}
{"level":50,"time":1771295415877,"pid":24872,"hostname":"Rajivs-Lenevo","msg":"Error authenticating merchant"}
::ffff:127.0.0.1 - - [17/Feb/2026:02:30:15 +0000] "GET /api/merchants/profile HTTP/1.1" 500 33 "-" "-"
{"level":50,"time":1771295415877,"pid":24872,"hostname":"Rajivs-Lenevo","msg":"Authentication error:"}
{"level":50,"time":1771295415908,"pid":24872,"hostname":"Rajivs-Lenevo","msg":"Error authenticating merchant"}
::ffff:127.0.0.1 - - [17/Feb/2026:02:30:15 +0000] "GET /api/merchants/profile HTTP/1.1" 500 33 "-" "-"
{"level":50,"time":1771295415908,"pid":24872,"hostname":"Rajivs-Lenevo","msg":"Authentication error:"}
::ffff:127.0.0.1 - - [17/Feb/2026:02:30:15 +0000] "GET /api/merchants/profile HTTP/1.1" 401 73 "-" "-"
{"level":50,"time":1771295415997,"pid":24872,"hostname":"Rajivs-Lenevo","msg":"Error registering merchant"}
::ffff:127.0.0.1 - - [17/Feb/2026:02:30:15 +0000] "POST /api/merchants/register HTTP/1.1" 400 78 "-" "-"
{"level":50,"time":1771295415997,"pid":24872,"hostname":"Rajivs-Lenevo","msg":"Registration error:"}
{"level":50,"time":1771295416137,"pid":24872,"hostname":"Rajivs-Lenevo","msg":"Error authenticating merchant"}
::ffff:127.0.0.1 - - [17/Feb/2026:02:30:16 +0000] "POST /api/merchants/payments HTTP/1.1" 500 33 "-" "-"
{"level":50,"time":1771295416137,"pid":24872,"hostname":"Rajivs-Lenevo","msg":"Authentication error:"}
{"level":50,"time":1771295416170,"pid":24872,"hostname":"Rajivs-Lenevo","msg":"Error authenticating merchant"}
::ffff:127.0.0.1 - - [17/Feb/2026:02:30:16 +0000] "POST /api/merchants/payments HTTP/1.1" 500 33 "-" "-"
{"level":50,"time":1771295416170,"pid":24872,"hostname":"Rajivs-Lenevo","msg":"Authentication error:"}
{"level":50,"time":1771295416201,"pid":24872,"hostname":"Rajivs-Lenevo","msg":"Error authenticating merchant"}
::ffff:127.0.0.1 - - [17/Feb/2026:02:30:16 +0000] "POST /api/merchants/payments HTTP/1.1" 500 33 "-" "-"
{"level":50,"time":1771295416202,"pid":24872,"hostname":"Rajivs-Lenevo","msg":"Authentication error:"}
{"level":50,"time":1771295416338,"pid":24872,"hostname":"Rajivs-Lenevo","msg":"Error authenticating merchant"}
::ffff:127.0.0.1 - - [17/Feb/2026:02:30:16 +0000] "POST /api/merchants/payments HTTP/1.1" 500 33 "-" "-"
{"level":50,"time":1771295416339,"pid":24872,"hostname":"Rajivs-Lenevo","msg":"Authentication error:"}
{"level":50,"time":1771295416482,"pid":24872,"hostname":"Rajivs-Lenevo","msg":"Error authenticating merchant"}
::ffff:127.0.0.1 - - [17/Feb/2026:02:30:16 +0000] "GET /api/merchants/payments/undefined HTTP/1.1" 500 33 "-" "-"
{"level":50,"time":1771295416482,"pid":24872,"hostname":"Rajivs-Lenevo","msg":"Authentication error:"}
{"level":50,"time":1771295416513,"pid":24872,"hostname":"Rajivs-Lenevo","msg":"Error authenticating merchant"}
::ffff:127.0.0.1 - - [17/Feb/2026:02:30:16 +0000] "GET /api/merchants/payments HTTP/1.1" 500 33 "-" "-"
{"level":50,"time":1771295416513,"pid":24872,"hostname":"Rajivs-Lenevo","msg":"Authentication error:"}
{"level":50,"time":1771295416700,"pid":24872,"hostname":"Rajivs-Lenevo","msg":"Error registering merchant"}
::ffff:127.0.0.1 - - [17/Feb/2026:02:30:16 +0000] "POST /api/merchants/register HTTP/1.1" 400 78 "-" "-"
{"level":50,"time":1771295416700,"pid":24872,"hostname":"Rajivs-Lenevo","msg":"Registration error:"}
{"level":50,"time":1771295416787,"pid":24872,"hostname":"Rajivs-Lenevo","msg":"Error registering merchant"}
::ffff:127.0.0.1 - - [17/Feb/2026:02:30:16 +0000] "POST /api/merchants/register HTTP/1.1" 400 78 "-" "-"
{"level":50,"time":1771295416787,"pid":24872,"hostname":"Rajivs-Lenevo","msg":"Registration error:"}
{"level":50,"time":1771295416817,"pid":24872,"hostname":"Rajivs-Lenevo","msg":"Error authenticating merchant"}
::ffff:127.0.0.1 - - [17/Feb/2026:02:30:16 +0000] "POST /api/merchants/payments HTTP/1.1" 500 33 "-" "-"
{"level":50,"time":1771295416817,"pid":24872,"hostname":"Rajivs-Lenevo","msg":"Authentication error:"}
{"level":50,"time":1771295416846,"pid":24872,"hostname":"Rajivs-Lenevo","msg":"Error authenticating merchant"}
::ffff:127.0.0.1 - - [17/Feb/2026:02:30:16 +0000] "GET /api/merchants/payments/undefined HTTP/1.1" 500 33 "-" "-"
{"level":50,"time":1771295416846,"pid":24872,"hostname":"Rajivs-Lenevo","msg":"Authentication error:"}
{"level":50,"time":1771295416877,"pid":24872,"hostname":"Rajivs-Lenevo","msg":"Error authenticating merchant"}
::ffff:127.0.0.1 - - [17/Feb/2026:02:30:16 +0000] "POST /api/merchants/payments HTTP/1.1" 500 33 "-" "-"
{"level":50,"time":1771295416877,"pid":24872,"hostname":"Rajivs-Lenevo","msg":"Authentication error:"}
{"level":50,"time":1771295416907,"pid":24872,"hostname":"Rajivs-Lenevo","msg":"Error authenticating merchant"}
::ffff:127.0.0.1 - - [17/Feb/2026:02:30:16 +0000] "POST /api/merchants/payments/undefined/verify HTTP/1.1" 500 33 "-" "-"
{"level":50,"time":1771295416907,"pid":24872,"hostname":"Rajivs-Lenevo","msg":"Authentication error:"}
{"level":50,"time":1771295416937,"pid":24872,"hostname":"Rajivs-Lenevo","msg":"Error authenticating merchant"}
::ffff:127.0.0.1 - - [17/Feb/2026:02:30:16 +0000] "GET /api/merchants/profile HTTP/1.1" 500 33 "-" "-"
{"level":50,"time":1771295416937,"pid":24872,"hostname":"Rajivs-Lenevo","msg":"Authentication error:"}
{"level":50,"time":1771295416967,"pid":24872,"hostname":"Rajivs-Lenevo","msg":"Error authenticating merchant"}
::ffff:127.0.0.1 - - [17/Feb/2026:02:30:16 +0000] "GET /api/merchants/profile HTTP/1.1" 500 33 "-" "-"
{"level":50,"time":1771295416967,"pid":24872,"hostname":"Rajivs-Lenevo","msg":"Authentication error:"}
{"level":50,"time":1771295416995,"pid":24872,"hostname":"Rajivs-Lenevo","msg":"Error authenticating merchant"}
::ffff:127.0.0.1 - - [17/Feb/2026:02:30:16 +0000] "GET /api/merchants/profile HTTP/1.1" 500 33 "-" "-"
{"level":50,"time":1771295416995,"pid":24872,"hostname":"Rajivs-Lenevo","msg":"Authentication error:"}
{"level":50,"time":1771295417186,"pid":24872,"hostname":"Rajivs-Lenevo","msg":"Error registering merchant"}
::ffff:127.0.0.1 - - [17/Feb/2026:02:30:17 +0000] "POST /api/merchants/register HTTP/1.1" 400 78 "-" "-"
{"level":50,"time":1771295417186,"pid":24872,"hostname":"Rajivs-Lenevo","msg":"Registration error:"}
{"level":50,"time":1771295417216,"pid":24872,"hostname":"Rajivs-Lenevo","msg":"Error authenticating merchant"}
::ffff:127.0.0.1 - - [17/Feb/2026:02:30:17 +0000] "POST /api/merchants/payments HTTP/1.1" 500 33 "-" "-"
{"level":50,"time":1771295417216,"pid":24872,"hostname":"Rajivs-Lenevo","msg":"Authentication error:"}
{"level":50,"time":1771295417245,"pid":24872,"hostname":"Rajivs-Lenevo","msg":"Error authenticating merchant"}
::ffff:127.0.0.1 - - [17/Feb/2026:02:30:17 +0000] "POST /api/merchants/payments HTTP/1.1" 500 33 "-" "-"
{"level":50,"time":1771295417245,"pid":24872,"hostname":"Rajivs-Lenevo","msg":"Authentication error:"}
{"level":50,"time":1771295417387,"pid":24872,"hostname":"Rajivs-Lenevo","msg":"Error authenticating merchant"}
::ffff:127.0.0.1 - - [17/Feb/2026:02:30:17 +0000] "POST /api/merchants/payments HTTP/1.1" 500 33 "-" "-"
{"level":50,"time":1771295417388,"pid":24872,"hostname":"Rajivs-Lenevo","msg":"Authentication error:"}
{"level":50,"time":1771295417418,"pid":24872,"hostname":"Rajivs-Lenevo","msg":"Error authenticating merchant"}
::ffff:127.0.0.1 - - [17/Feb/2026:02:30:17 +0000] "GET /api/merchants/stats HTTP/1.1" 500 33 "-" "-"
{"level":50,"time":1771295417418,"pid":24872,"hostname":"Rajivs-Lenevo","msg":"Authentication error:"}
{"level":50,"time":1771295417607,"pid":24872,"hostname":"Rajivs-Lenevo","msg":"Error registering merchant"}
::ffff:127.0.0.1 - - [17/Feb/2026:02:30:17 +0000] "POST /api/merchants/register HTTP/1.1" 400 78 "-" "-"
{"level":50,"time":1771295417607,"pid":24872,"hostname":"Rajivs-Lenevo","msg":"Registration error:"}
{"level":50,"time":1771295417749,"pid":24872,"hostname":"Rajivs-Lenevo","msg":"Error authenticating merchant"}
::ffff:127.0.0.1 - - [17/Feb/2026:02:30:17 +0000] "GET /api/merchants/profile HTTP/1.1" 500 33 "-" "-"
{"level":50,"time":1771295417749,"pid":24872,"hostname":"Rajivs-Lenevo","msg":"Authentication error:"}
{"level":50,"time":1771295417779,"pid":24872,"hostname":"Rajivs-Lenevo","msg":"Error authenticating merchant"}
::ffff:127.0.0.1 - - [17/Feb/2026:02:30:17 +0000] "GET /api/merchants/profile HTTP/1.1" 500 33 "-" "-"
{"level":50,"time":1771295417780,"pid":24872,"hostname":"Rajivs-Lenevo","msg":"Authentication error:"}
{"level":50,"time":1771295417921,"pid":24872,"hostname":"Rajivs-Lenevo","msg":"Error authenticating merchant"}
::ffff:127.0.0.1 - - [17/Feb/2026:02:30:17 +0000] "GET /api/merchants/profile HTTP/1.1" 500 33 "-" "-"
{"level":50,"time":1771295417921,"pid":24872,"hostname":"Rajivs-Lenevo","msg":"Authentication error:"}
{"level":50,"time":1771295417951,"pid":24872,"hostname":"Rajivs-Lenevo","msg":"Error authenticating merchant"}
::ffff:127.0.0.1 - - [17/Feb/2026:02:30:17 +0000] "GET /api/merchants/profile HTTP/1.1" 500 33 "-" "-"
{"level":50,"time":1771295417951,"pid":24872,"hostname":"Rajivs-Lenevo","msg":"Authentication error:"}
FAIL tests/integration.test.ts
  ΓùÅ Console

    console.error
      Database query error: {
        error: Error: SASL: SCRAM-SERVER-FIRST-MESSAGE: client password must be a string
            at C:\Users\visha\agentpay\node_modules\pg-pool\index.js:45:11
            at processTicksAndRejections (node:internal/process/task_queues:95:5)
            at query (C:\Users\visha\agentpay\src\db\index.ts:21:20)
            at Object.registerMerchant (C:\Users\visha\agentpay\src\services\merchants.ts:31:5)
            at C:\Users\visha\agentpay\src\routes\merchants.ts:38:36,
        text: 'INSERT INTO merchants (id, name, email, api_key_hash, api_key_salt, wallet_address, is_active, created_at)\n' +
          '       VALUES ($1, $2, $3, $4, $5, $6, $7, NOW())'
      }

    [0m [90m 26 |[39m     [36mreturn[39m result[33m;[39m
     [90m 27 |[39m   } [36mcatch[39m (error) {
    [31m[1m>[22m[39m[90m 28 |[39m     console[33m.[39merror([32m'Database query error:'[39m[33m,[39m { 
error[33m,[39m text })[33m;[39m
     [90m    |[39m             [31m[1m^[22m[39m
     [90m 29 |[39m     [36mthrow[39m error[33m;[39m
     [90m 30 |[39m   }
     [90m 31 |[39m }[0m

      at query (src/db/index.ts:28:13)
      at Object.registerMerchant (src/services/merchants.ts:31:5)
      at src/routes/merchants.ts:38:36

    console.error
      Database query error: {
        error: Error: SASL: SCRAM-SERVER-FIRST-MESSAGE: client password must be a string
            at C:\Users\visha\agentpay\node_modules\pg-pool\index.js:45:11
            at processTicksAndRejections (node:internal/process/task_queues:95:5)
            at query (C:\Users\visha\agentpay\src\db\index.ts:21:20)
            at Object.registerMerchant (C:\Users\visha\agentpay\src\services\merchants.ts:31:5)
            at C:\Users\visha\agentpay\src\routes\merchants.ts:38:36,
        text: 'INSERT INTO merchants (id, name, email, api_key_hash, api_key_salt, wallet_address, is_active, created_at)\n' +
          '       VALUES ($1, $2, $3, $4, $5, $6, $7, NOW())'
      }

    [0m [90m 26 |[39m     [36mreturn[39m result[33m;[39m
     [90m 27 |[39m   } [36mcatch[39m (error) {
    [31m[1m>[22m[39m[90m 28 |[39m     console[33m.[39merror([32m'Database query error:'[39m[33m,[39m { 
error[33m,[39m text })[33m;[39m
     [90m    |[39m             [31m[1m^[22m[39m
     [90m 29 |[39m     [36mthrow[39m error[33m;[39m
     [90m 30 |[39m   }
     [90m 31 |[39m }[0m

      at query (src/db/index.ts:28:13)
      at Object.registerMerchant (src/services/merchants.ts:31:5)
      at src/routes/merchants.ts:38:36

    console.error
      Database query error: {
        error: Error: SASL: SCRAM-SERVER-FIRST-MESSAGE: client password must be a string
            at C:\Users\visha\agentpay\node_modules\pg-pool\index.js:45:11
            at processTicksAndRejections (node:internal/process/task_queues:95:5)
            at query (C:\Users\visha\agentpay\src\db\index.ts:21:20)
            at Object.registerMerchant (C:\Users\visha\agentpay\src\services\merchants.ts:31:5)
            at C:\Users\visha\agentpay\src\routes\merchants.ts:38:36,
        text: 'INSERT INTO merchants (id, name, email, api_key_hash, api_key_salt, wallet_address, is_active, created_at)\n' +
          '       VALUES ($1, $2, $3, $4, $5, $6, $7, NOW())'
      }

    [0m [90m 26 |[39m     [36mreturn[39m result[33m;[39m
     [90m 27 |[39m   } [36mcatch[39m (error) {
    [31m[1m>[22m[39m[90m 28 |[39m     console[33m.[39merror([32m'Database query error:'[39m[33m,[39m { 
error[33m,[39m text })[33m;[39m
     [90m    |[39m             [31m[1m^[22m[39m
     [90m 29 |[39m     [36mthrow[39m error[33m;[39m
     [90m 30 |[39m   }
     [90m 31 |[39m }[0m

      at query (src/db/index.ts:28:13)
      at Object.registerMerchant (src/services/merchants.ts:31:5)
      at src/routes/merchants.ts:38:36

    console.error
      Database query error: {
        error: Error: SASL: SCRAM-SERVER-FIRST-MESSAGE: client password must be a string
            at C:\Users\visha\agentpay\node_modules\pg-pool\index.js:45:11
            at processTicksAndRejections (node:internal/process/task_queues:95:5)
            at query (C:\Users\visha\agentpay\src\db\index.ts:21:20)
            at Object.registerMerchant (C:\Users\visha\agentpay\src\services\merchants.ts:31:5)
            at C:\Users\visha\agentpay\src\routes\merchants.ts:38:36,
        text: 'INSERT INTO merchants (id, name, email, api_key_hash, api_key_salt, wallet_address, is_active, created_at)\n' +
          '       VALUES ($1, $2, $3, $4, $5, $6, $7, NOW())'
      }

    [0m [90m 26 |[39m     [36mreturn[39m result[33m;[39m
     [90m 27 |[39m   } [36mcatch[39m (error) {
    [31m[1m>[22m[39m[90m 28 |[39m     console[33m.[39merror([32m'Database query error:'[39m[33m,[39m { 
error[33m,[39m text })[33m;[39m
     [90m    |[39m             [31m[1m^[22m[39m
     [90m 29 |[39m     [36mthrow[39m error[33m;[39m
     [90m 30 |[39m   }
     [90m 31 |[39m }[0m

      at query (src/db/index.ts:28:13)
      at Object.registerMerchant (src/services/merchants.ts:31:5)
      at src/routes/merchants.ts:38:36

    console.error
      Database query error: {
        error: Error: SASL: SCRAM-SERVER-FIRST-MESSAGE: client password must be a string
            at C:\Users\visha\agentpay\node_modules\pg-pool\index.js:45:11
            at processTicksAndRejections (node:internal/process/task_queues:95:5)
            at query (C:\Users\visha\agentpay\src\db\index.ts:21:20)
            at authenticateMerchant (C:\Users\visha\agentpay\src\services\merchants.ts:47:20)
            at authenticateApiKey (C:\Users\visha\agentpay\src\middleware\auth.ts:34:22),
        text: 'SELECT id, name, email, wallet_address as "walletAddress", created_at as "createdAt", \n' +
          '              api_key_hash as "apiKeyHash", api_key_salt as "apiKeySalt"\n' +
          '       FROM merchants WHERE is_active = true'
      }

    [0m [90m 26 |[39m     [36mreturn[39m result[33m;[39m
     [90m 27 |[39m   } [36mcatch[39m (error) {
    [31m[1m>[22m[39m[90m 28 |[39m     console[33m.[39merror([32m'Database query error:'[39m[33m,[39m { 
error[33m,[39m text })[33m;[39m
     [90m    |[39m             [31m[1m^[22m[39m
     [90m 29 |[39m     [36mthrow[39m error[33m;[39m
     [90m 30 |[39m   }
     [90m 31 |[39m }[0m

      at query (src/db/index.ts:28:13)
      at authenticateMerchant (src/services/merchants.ts:47:20)
      at authenticateApiKey (src/middleware/auth.ts:34:22)

    console.error
      Database query error: {
        error: Error: SASL: SCRAM-SERVER-FIRST-MESSAGE: client password must be a string
            at C:\Users\visha\agentpay\node_modules\pg-pool\index.js:45:11
            at processTicksAndRejections (node:internal/process/task_queues:95:5)
            at query (C:\Users\visha\agentpay\src\db\index.ts:21:20)
            at authenticateMerchant (C:\Users\visha\agentpay\src\services\merchants.ts:47:20)
            at authenticateApiKey (C:\Users\visha\agentpay\src\middleware\auth.ts:34:22),
        text: 'SELECT id, name, email, wallet_address as "walletAddress", created_at as "createdAt", \n' +
          '              api_key_hash as "apiKeyHash", api_key_salt as "apiKeySalt"\n' +
          '       FROM merchants WHERE is_active = true'
      }

    [0m [90m 26 |[39m     [36mreturn[39m result[33m;[39m
     [90m 27 |[39m   } [36mcatch[39m (error) {
    [31m[1m>[22m[39m[90m 28 |[39m     console[33m.[39merror([32m'Database query error:'[39m[33m,[39m { 
error[33m,[39m text })[33m;[39m
     [90m    |[39m             [31m[1m^[22m[39m
     [90m 29 |[39m     [36mthrow[39m error[33m;[39m
     [90m 30 |[39m   }
     [90m 31 |[39m }[0m

      at query (src/db/index.ts:28:13)
      at authenticateMerchant (src/services/merchants.ts:47:20)
      at authenticateApiKey (src/middleware/auth.ts:34:22)

    console.error
      Database query error: {
        error: Error: SASL: SCRAM-SERVER-FIRST-MESSAGE: client password must be a string
            at C:\Users\visha\agentpay\node_modules\pg-pool\index.js:45:11
            at processTicksAndRejections (node:internal/process/task_queues:95:5)
            at query (C:\Users\visha\agentpay\src\db\index.ts:21:20)
            at Object.registerMerchant (C:\Users\visha\agentpay\src\services\merchants.ts:31:5)
            at C:\Users\visha\agentpay\src\routes\merchants.ts:38:36,
        text: 'INSERT INTO merchants (id, name, email, api_key_hash, api_key_salt, wallet_address, is_active, created_at)\n' +
          '       VALUES ($1, $2, $3, $4, $5, $6, $7, NOW())'
      }

    [0m [90m 26 |[39m     [36mreturn[39m result[33m;[39m
     [90m 27 |[39m   } [36mcatch[39m (error) {
    [31m[1m>[22m[39m[90m 28 |[39m     console[33m.[39merror([32m'Database query error:'[39m[33m,[39m { 
error[33m,[39m text })[33m;[39m
     [90m    |[39m             [31m[1m^[22m[39m
     [90m 29 |[39m     [36mthrow[39m error[33m;[39m
     [90m 30 |[39m   }
     [90m 31 |[39m }[0m

      at query (src/db/index.ts:28:13)
      at Object.registerMerchant (src/services/merchants.ts:31:5)
      at src/routes/merchants.ts:38:36

    console.error
      Database query error: {
        error: Error: SASL: SCRAM-SERVER-FIRST-MESSAGE: client password must be a string
            at C:\Users\visha\agentpay\node_modules\pg-pool\index.js:45:11
            at processTicksAndRejections (node:internal/process/task_queues:95:5)
            at query (C:\Users\visha\agentpay\src\db\index.ts:21:20)
            at authenticateMerchant (C:\Users\visha\agentpay\src\services\merchants.ts:47:20)
            at authenticateApiKey (C:\Users\visha\agentpay\src\middleware\auth.ts:34:22),
        text: 'SELECT id, name, email, wallet_address as "walletAddress", created_at as "createdAt", \n' +
          '              api_key_hash as "apiKeyHash", api_key_salt as "apiKeySalt"\n' +
          '       FROM merchants WHERE is_active = true'
      }

    [0m [90m 26 |[39m     [36mreturn[39m result[33m;[39m
     [90m 27 |[39m   } [36mcatch[39m (error) {
    [31m[1m>[22m[39m[90m 28 |[39m     console[33m.[39merror([32m'Database query error:'[39m[33m,[39m { 
error[33m,[39m text })[33m;[39m
     [90m    |[39m             [31m[1m^[22m[39m
     [90m 29 |[39m     [36mthrow[39m error[33m;[39m
     [90m 30 |[39m   }
     [90m 31 |[39m }[0m

      at query (src/db/index.ts:28:13)
      at authenticateMerchant (src/services/merchants.ts:47:20)
      at authenticateApiKey (src/middleware/auth.ts:34:22)

    console.error
      Database query error: {
        error: Error: SASL: SCRAM-SERVER-FIRST-MESSAGE: client password must be a string
            at C:\Users\visha\agentpay\node_modules\pg-pool\index.js:45:11
            at processTicksAndRejections (node:internal/process/task_queues:95:5)
            at query (C:\Users\visha\agentpay\src\db\index.ts:21:20)
            at authenticateMerchant (C:\Users\visha\agentpay\src\services\merchants.ts:47:20)
            at authenticateApiKey (C:\Users\visha\agentpay\src\middleware\auth.ts:34:22),
        text: 'SELECT id, name, email, wallet_address as "walletAddress", created_at as "createdAt", \n' +
          '              api_key_hash as "apiKeyHash", api_key_salt as "apiKeySalt"\n' +
          '       FROM merchants WHERE is_active = true'
      }

    [0m [90m 26 |[39m     [36mreturn[39m result[33m;[39m
     [90m 27 |[39m   } [36mcatch[39m (error) {
    [31m[1m>[22m[39m[90m 28 |[39m     console[33m.[39merror([32m'Database query error:'[39m[33m,[39m { 
error[33m,[39m text })[33m;[39m
     [90m    |[39m             [31m[1m^[22m[39m
     [90m 29 |[39m     [36mthrow[39m error[33m;[39m
     [90m 30 |[39m   }
     [90m 31 |[39m }[0m

      at query (src/db/index.ts:28:13)
      at authenticateMerchant (src/services/merchants.ts:47:20)
      at authenticateApiKey (src/middleware/auth.ts:34:22)

    console.error
      Database query error: {
        error: Error: SASL: SCRAM-SERVER-FIRST-MESSAGE: client password must be a string
            at C:\Users\visha\agentpay\node_modules\pg-pool\index.js:45:11
            at processTicksAndRejections (node:internal/process/task_queues:95:5)
            at query (C:\Users\visha\agentpay\src\db\index.ts:21:20)
            at authenticateMerchant (C:\Users\visha\agentpay\src\services\merchants.ts:47:20)
            at authenticateApiKey (C:\Users\visha\agentpay\src\middleware\auth.ts:34:22),
        text: 'SELECT id, name, email, wallet_address as "walletAddress", created_at as "createdAt", \n' +
          '              api_key_hash as "apiKeyHash", api_key_salt as "apiKeySalt"\n' +
          '       FROM merchants WHERE is_active = true'
      }

    [0m [90m 26 |[39m     [36mreturn[39m result[33m;[39m
     [90m 27 |[39m   } [36mcatch[39m (error) {
    [31m[1m>[22m[39m[90m 28 |[39m     console[33m.[39merror([32m'Database query error:'[39m[33m,[39m { 
error[33m,[39m text })[33m;[39m
     [90m    |[39m             [31m[1m^[22m[39m
     [90m 29 |[39m     [36mthrow[39m error[33m;[39m
     [90m 30 |[39m   }
     [90m 31 |[39m }[0m

      at query (src/db/index.ts:28:13)
      at authenticateMerchant (src/services/merchants.ts:47:20)
      at authenticateApiKey (src/middleware/auth.ts:34:22)

    console.error
      Database query error: {
        error: Error: SASL: SCRAM-SERVER-FIRST-MESSAGE: client password must be a string
            at C:\Users\visha\agentpay\node_modules\pg-pool\index.js:45:11
            at processTicksAndRejections (node:internal/process/task_queues:95:5)
            at query (C:\Users\visha\agentpay\src\db\index.ts:21:20)
            at authenticateMerchant (C:\Users\visha\agentpay\src\services\merchants.ts:47:20)
            at authenticateApiKey (C:\Users\visha\agentpay\src\middleware\auth.ts:34:22),
        text: 'SELECT id, name, email, wallet_address as "walletAddress", created_at as "createdAt", \n' +
          '              api_key_hash as "apiKeyHash", api_key_salt as "apiKeySalt"\n' +
          '       FROM merchants WHERE is_active = true'
      }

    [0m [90m 26 |[39m     [36mreturn[39m result[33m;[39m
     [90m 27 |[39m   } [36mcatch[39m (error) {
    [31m[1m>[22m[39m[90m 28 |[39m     console[33m.[39merror([32m'Database query error:'[39m[33m,[39m { 
error[33m,[39m text })[33m;[39m
     [90m    |[39m             [31m[1m^[22m[39m
     [90m 29 |[39m     [36mthrow[39m error[33m;[39m
     [90m 30 |[39m   }
     [90m 31 |[39m }[0m

      at query (src/db/index.ts:28:13)
      at authenticateMerchant (src/services/merchants.ts:47:20)
      at authenticateApiKey (src/middleware/auth.ts:34:22)

    console.error
      Database query error: {
        error: Error: SASL: SCRAM-SERVER-FIRST-MESSAGE: client password must be a string
            at C:\Users\visha\agentpay\node_modules\pg-pool\index.js:45:11
            at processTicksAndRejections (node:internal/process/task_queues:95:5)
            at query (C:\Users\visha\agentpay\src\db\index.ts:21:20)
            at authenticateMerchant (C:\Users\visha\agentpay\src\services\merchants.ts:47:20)
            at authenticateApiKey (C:\Users\visha\agentpay\src\middleware\auth.ts:34:22),
        text: 'SELECT id, name, email, wallet_address as "walletAddress", created_at as "createdAt", \n' +
          '              api_key_hash as "apiKeyHash", api_key_salt as "apiKeySalt"\n' +
          '       FROM merchants WHERE is_active = true'
      }

    [0m [90m 26 |[39m     [36mreturn[39m result[33m;[39m
     [90m 27 |[39m   } [36mcatch[39m (error) {
    [31m[1m>[22m[39m[90m 28 |[39m     console[33m.[39merror([32m'Database query error:'[39m[33m,[39m { 
error[33m,[39m text })[33m;[39m
     [90m    |[39m             [31m[1m^[22m[39m
     [90m 29 |[39m     [36mthrow[39m error[33m;[39m
     [90m 30 |[39m   }
     [90m 31 |[39m }[0m

      at query (src/db/index.ts:28:13)
      at authenticateMerchant (src/services/merchants.ts:47:20)
      at authenticateApiKey (src/middleware/auth.ts:34:22)

    console.error
      Database query error: {
        error: Error: SASL: SCRAM-SERVER-FIRST-MESSAGE: client password must be a string
            at C:\Users\visha\agentpay\node_modules\pg-pool\index.js:45:11
            at processTicksAndRejections (node:internal/process/task_queues:95:5)
            at query (C:\Users\visha\agentpay\src\db\index.ts:21:20)
            at authenticateMerchant (C:\Users\visha\agentpay\src\services\merchants.ts:47:20)
            at authenticateApiKey (C:\Users\visha\agentpay\src\middleware\auth.ts:34:22),
        text: 'SELECT id, name, email, wallet_address as "walletAddress", created_at as "createdAt", \n' +
          '              api_key_hash as "apiKeyHash", api_key_salt as "apiKeySalt"\n' +
          '       FROM merchants WHERE is_active = true'
      }

    [0m [90m 26 |[39m     [36mreturn[39m result[33m;[39m
     [90m 27 |[39m   } [36mcatch[39m (error) {
    [31m[1m>[22m[39m[90m 28 |[39m     console[33m.[39merror([32m'Database query error:'[39m[33m,[39m { 
error[33m,[39m text })[33m;[39m
     [90m    |[39m             [31m[1m^[22m[39m
     [90m 29 |[39m     [36mthrow[39m error[33m;[39m
     [90m 30 |[39m   }
     [90m 31 |[39m }[0m

      at query (src/db/index.ts:28:13)
      at authenticateMerchant (src/services/merchants.ts:47:20)
      at authenticateApiKey (src/middleware/auth.ts:34:22)

    console.error
      Database query error: {
        error: Error: SASL: SCRAM-SERVER-FIRST-MESSAGE: client password must be a string
            at C:\Users\visha\agentpay\node_modules\pg-pool\index.js:45:11
            at processTicksAndRejections (node:internal/process/task_queues:95:5)
            at query (C:\Users\visha\agentpay\src\db\index.ts:21:20)
            at Object.registerMerchant (C:\Users\visha\agentpay\src\services\merchants.ts:31:5)
            at C:\Users\visha\agentpay\src\routes\merchants.ts:38:36,
        text: 'INSERT INTO merchants (id, name, email, api_key_hash, api_key_salt, wallet_address, is_active, created_at)\n' +
          '       VALUES ($1, $2, $3, $4, $5, $6, $7, NOW())'
      }

    [0m [90m 26 |[39m     [36mreturn[39m result[33m;[39m
     [90m 27 |[39m   } [36mcatch[39m (error) {
    [31m[1m>[22m[39m[90m 28 |[39m     console[33m.[39merror([32m'Database query error:'[39m[33m,[39m { 
error[33m,[39m text })[33m;[39m
     [90m    |[39m             [31m[1m^[22m[39m
     [90m 29 |[39m     [36mthrow[39m error[33m;[39m
     [90m 30 |[39m   }
     [90m 31 |[39m }[0m

      at query (src/db/index.ts:28:13)
      at Object.registerMerchant (src/services/merchants.ts:31:5)
      at src/routes/merchants.ts:38:36

    console.error
      Database query error: {
        error: Error: SASL: SCRAM-SERVER-FIRST-MESSAGE: client password must be a string
            at C:\Users\visha\agentpay\node_modules\pg-pool\index.js:45:11
            at processTicksAndRejections (node:internal/process/task_queues:95:5)
            at query (C:\Users\visha\agentpay\src\db\index.ts:21:20)
            at Object.registerMerchant (C:\Users\visha\agentpay\src\services\merchants.ts:31:5)
            at C:\Users\visha\agentpay\src\routes\merchants.ts:38:36,
        text: 'INSERT INTO merchants (id, name, email, api_key_hash, api_key_salt, wallet_address, is_active, created_at)\n' +
          '       VALUES ($1, $2, $3, $4, $5, $6, $7, NOW())'
      }

    [0m [90m 26 |[39m     [36mreturn[39m result[33m;[39m
     [90m 27 |[39m   } [36mcatch[39m (error) {
    [31m[1m>[22m[39m[90m 28 |[39m     console[33m.[39merror([32m'Database query error:'[39m[33m,[39m { 
error[33m,[39m text })[33m;[39m
     [90m    |[39m             [31m[1m^[22m[39m
     [90m 29 |[39m     [36mthrow[39m error[33m;[39m
     [90m 30 |[39m   }
     [90m 31 |[39m }[0m

      at query (src/db/index.ts:28:13)
      at Object.registerMerchant (src/services/merchants.ts:31:5)
      at src/routes/merchants.ts:38:36

    console.error
      Database query error: {
        error: Error: SASL: SCRAM-SERVER-FIRST-MESSAGE: client password must be a string
            at C:\Users\visha\agentpay\node_modules\pg-pool\index.js:45:11
            at processTicksAndRejections (node:internal/process/task_queues:95:5)
            at query (C:\Users\visha\agentpay\src\db\index.ts:21:20)
            at authenticateMerchant (C:\Users\visha\agentpay\src\services\merchants.ts:47:20)
            at authenticateApiKey (C:\Users\visha\agentpay\src\middleware\auth.ts:34:22),
        text: 'SELECT id, name, email, wallet_address as "walletAddress", created_at as "createdAt", \n' +
          '              api_key_hash as "apiKeyHash", api_key_salt as "apiKeySalt"\n' +
          '       FROM merchants WHERE is_active = true'
      }

    [0m [90m 26 |[39m     [36mreturn[39m result[33m;[39m
     [90m 27 |[39m   } [36mcatch[39m (error) {
    [31m[1m>[22m[39m[90m 28 |[39m     console[33m.[39merror([32m'Database query error:'[39m[33m,[39m { 
error[33m,[39m text })[33m;[39m
     [90m    |[39m             [31m[1m^[22m[39m
     [90m 29 |[39m     [36mthrow[39m error[33m;[39m
     [90m 30 |[39m   }
     [90m 31 |[39m }[0m

      at query (src/db/index.ts:28:13)
      at authenticateMerchant (src/services/merchants.ts:47:20)
      at authenticateApiKey (src/middleware/auth.ts:34:22)

    console.error
      Database query error: {
        error: Error: SASL: SCRAM-SERVER-FIRST-MESSAGE: client password must be a string
            at C:\Users\visha\agentpay\node_modules\pg-pool\index.js:45:11
            at processTicksAndRejections (node:internal/process/task_queues:95:5)
            at query (C:\Users\visha\agentpay\src\db\index.ts:21:20)
            at authenticateMerchant (C:\Users\visha\agentpay\src\services\merchants.ts:47:20)
            at authenticateApiKey (C:\Users\visha\agentpay\src\middleware\auth.ts:34:22),
        text: 'SELECT id, name, email, wallet_address as "walletAddress", created_at as "createdAt", \n' +
          '              api_key_hash as "apiKeyHash", api_key_salt as "apiKeySalt"\n' +
          '       FROM merchants WHERE is_active = true'
      }

    [0m [90m 26 |[39m     [36mreturn[39m result[33m;[39m
     [90m 27 |[39m   } [36mcatch[39m (error) {
    [31m[1m>[22m[39m[90m 28 |[39m     console[33m.[39merror([32m'Database query error:'[39m[33m,[39m { 
error[33m,[39m text })[33m;[39m
     [90m    |[39m             [31m[1m^[22m[39m
     [90m 29 |[39m     [36mthrow[39m error[33m;[39m
     [90m 30 |[39m   }
     [90m 31 |[39m }[0m

      at query (src/db/index.ts:28:13)
      at authenticateMerchant (src/services/merchants.ts:47:20)
      at authenticateApiKey (src/middleware/auth.ts:34:22)

    console.error
      Database query error: {
        error: Error: SASL: SCRAM-SERVER-FIRST-MESSAGE: client password must be a string
            at C:\Users\visha\agentpay\node_modules\pg-pool\index.js:45:11
            at processTicksAndRejections (node:internal/process/task_queues:95:5)
            at query (C:\Users\visha\agentpay\src\db\index.ts:21:20)
            at authenticateMerchant (C:\Users\visha\agentpay\src\services\merchants.ts:47:20)
            at authenticateApiKey (C:\Users\visha\agentpay\src\middleware\auth.ts:34:22),
        text: 'SELECT id, name, email, wallet_address as "walletAddress", created_at as "createdAt", \n' +
          '              api_key_hash as "apiKeyHash", api_key_salt as "apiKeySalt"\n' +
          '       FROM merchants WHERE is_active = true'
      }

    [0m [90m 26 |[39m     [36mreturn[39m result[33m;[39m
     [90m 27 |[39m   } [36mcatch[39m (error) {
    [31m[1m>[22m[39m[90m 28 |[39m     console[33m.[39merror([32m'Database query error:'[39m[33m,[39m { 
error[33m,[39m text })[33m;[39m
     [90m    |[39m             [31m[1m^[22m[39m
     [90m 29 |[39m     [36mthrow[39m error[33m;[39m
     [90m 30 |[39m   }
     [90m 31 |[39m }[0m

      at query (src/db/index.ts:28:13)
      at authenticateMerchant (src/services/merchants.ts:47:20)
      at authenticateApiKey (src/middleware/auth.ts:34:22)

    console.error
      Database query error: {
        error: Error: SASL: SCRAM-SERVER-FIRST-MESSAGE: client password must be a string
            at C:\Users\visha\agentpay\node_modules\pg-pool\index.js:45:11
            at processTicksAndRejections (node:internal/process/task_queues:95:5)
            at query (C:\Users\visha\agentpay\src\db\index.ts:21:20)
            at authenticateMerchant (C:\Users\visha\agentpay\src\services\merchants.ts:47:20)
            at authenticateApiKey (C:\Users\visha\agentpay\src\middleware\auth.ts:34:22),
        text: 'SELECT id, name, email, wallet_address as "walletAddress", created_at as "createdAt", \n' +
          '              api_key_hash as "apiKeyHash", api_key_salt as "apiKeySalt"\n' +
          '       FROM merchants WHERE is_active = true'
      }

    [0m [90m 26 |[39m     [36mreturn[39m result[33m;[39m
     [90m 27 |[39m   } [36mcatch[39m (error) {
    [31m[1m>[22m[39m[90m 28 |[39m     console[33m.[39merror([32m'Database query error:'[39m[33m,[39m { 
error[33m,[39m text })[33m;[39m
     [90m    |[39m             [31m[1m^[22m[39m
     [90m 29 |[39m     [36mthrow[39m error[33m;[39m
     [90m 30 |[39m   }
     [90m 31 |[39m }[0m

      at query (src/db/index.ts:28:13)
      at authenticateMerchant (src/services/merchants.ts:47:20)
      at authenticateApiKey (src/middleware/auth.ts:34:22)

    console.error
      Database query error: {
        error: Error: SASL: SCRAM-SERVER-FIRST-MESSAGE: client password must be a string
            at C:\Users\visha\agentpay\node_modules\pg-pool\index.js:45:11
            at processTicksAndRejections (node:internal/process/task_queues:95:5)
            at query (C:\Users\visha\agentpay\src\db\index.ts:21:20)
            at authenticateMerchant (C:\Users\visha\agentpay\src\services\merchants.ts:47:20)
            at authenticateApiKey (C:\Users\visha\agentpay\src\middleware\auth.ts:34:22),
        text: 'SELECT id, name, email, wallet_address as "walletAddress", created_at as "createdAt", \n' +
          '              api_key_hash as "apiKeyHash", api_key_salt as "apiKeySalt"\n' +
          '       FROM merchants WHERE is_active = true'
      }

    [0m [90m 26 |[39m     [36mreturn[39m result[33m;[39m
     [90m 27 |[39m   } [36mcatch[39m (error) {
    [31m[1m>[22m[39m[90m 28 |[39m     console[33m.[39merror([32m'Database query error:'[39m[33m,[39m { 
error[33m,[39m text })[33m;[39m
     [90m    |[39m             [31m[1m^[22m[39m
     [90m 29 |[39m     [36mthrow[39m error[33m;[39m
     [90m 30 |[39m   }
     [90m 31 |[39m }[0m

      at query (src/db/index.ts:28:13)
      at authenticateMerchant (src/services/merchants.ts:47:20)
      at authenticateApiKey (src/middleware/auth.ts:34:22)

    console.error
      Database query error: {
        error: Error: SASL: SCRAM-SERVER-FIRST-MESSAGE: client password must be a string
            at C:\Users\visha\agentpay\node_modules\pg-pool\index.js:45:11
            at processTicksAndRejections (node:internal/process/task_queues:95:5)
            at query (C:\Users\visha\agentpay\src\db\index.ts:21:20)
            at authenticateMerchant (C:\Users\visha\agentpay\src\services\merchants.ts:47:20)
            at authenticateApiKey (C:\Users\visha\agentpay\src\middleware\auth.ts:34:22),
        text: 'SELECT id, name, email, wallet_address as "walletAddress", created_at as "createdAt", \n' +
          '              api_key_hash as "apiKeyHash", api_key_salt as "apiKeySalt"\n' +
          '       FROM merchants WHERE is_active = true'
      }

    [0m [90m 26 |[39m     [36mreturn[39m result[33m;[39m
     [90m 27 |[39m   } [36mcatch[39m (error) {
    [31m[1m>[22m[39m[90m 28 |[39m     console[33m.[39merror([32m'Database query error:'[39m[33m,[39m { 
error[33m,[39m text })[33m;[39m
     [90m    |[39m             [31m[1m^[22m[39m
     [90m 29 |[39m     [36mthrow[39m error[33m;[39m
     [90m 30 |[39m   }
     [90m 31 |[39m }[0m

      at query (src/db/index.ts:28:13)
      at authenticateMerchant (src/services/merchants.ts:47:20)
      at authenticateApiKey (src/middleware/auth.ts:34:22)

    console.error
      Database query error: {
        error: Error: SASL: SCRAM-SERVER-FIRST-MESSAGE: client password must be a string
            at C:\Users\visha\agentpay\node_modules\pg-pool\index.js:45:11
            at processTicksAndRejections (node:internal/process/task_queues:95:5)
            at query (C:\Users\visha\agentpay\src\db\index.ts:21:20)
            at authenticateMerchant (C:\Users\visha\agentpay\src\services\merchants.ts:47:20)
            at authenticateApiKey (C:\Users\visha\agentpay\src\middleware\auth.ts:34:22),
        text: 'SELECT id, name, email, wallet_address as "walletAddress", created_at as "createdAt", \n' +
          '              api_key_hash as "apiKeyHash", api_key_salt as "apiKeySalt"\n' +
          '       FROM merchants WHERE is_active = true'
      }

    [0m [90m 26 |[39m     [36mreturn[39m result[33m;[39m
     [90m 27 |[39m   } [36mcatch[39m (error) {
    [31m[1m>[22m[39m[90m 28 |[39m     console[33m.[39merror([32m'Database query error:'[39m[33m,[39m { 
error[33m,[39m text })[33m;[39m
     [90m    |[39m             [31m[1m^[22m[39m
     [90m 29 |[39m     [36mthrow[39m error[33m;[39m
     [90m 30 |[39m   }
     [90m 31 |[39m }[0m

      at query (src/db/index.ts:28:13)
      at authenticateMerchant (src/services/merchants.ts:47:20)
      at authenticateApiKey (src/middleware/auth.ts:34:22)

    console.error
      Database query error: {
        error: Error: SASL: SCRAM-SERVER-FIRST-MESSAGE: client password must be a string
            at C:\Users\visha\agentpay\node_modules\pg-pool\index.js:45:11
            at processTicksAndRejections (node:internal/process/task_queues:95:5)
            at query (C:\Users\visha\agentpay\src\db\index.ts:21:20)
            at Object.registerMerchant (C:\Users\visha\agentpay\src\services\merchants.ts:31:5)
            at C:\Users\visha\agentpay\src\routes\merchants.ts:38:36,
        text: 'INSERT INTO merchants (id, name, email, api_key_hash, api_key_salt, wallet_address, is_active, created_at)\n' +
          '       VALUES ($1, $2, $3, $4, $5, $6, $7, NOW())'
      }

    [0m [90m 26 |[39m     [36mreturn[39m result[33m;[39m
     [90m 27 |[39m   } [36mcatch[39m (error) {
    [31m[1m>[22m[39m[90m 28 |[39m     console[33m.[39merror([32m'Database query error:'[39m[33m,[39m { 
error[33m,[39m text })[33m;[39m
     [90m    |[39m             [31m[1m^[22m[39m
     [90m 29 |[39m     [36mthrow[39m error[33m;[39m
     [90m 30 |[39m   }
     [90m 31 |[39m }[0m

      at query (src/db/index.ts:28:13)
      at Object.registerMerchant (src/services/merchants.ts:31:5)
      at src/routes/merchants.ts:38:36

    console.error
      Database query error: {
        error: Error: SASL: SCRAM-SERVER-FIRST-MESSAGE: client password must be a string
            at C:\Users\visha\agentpay\node_modules\pg-pool\index.js:45:11
            at processTicksAndRejections (node:internal/process/task_queues:95:5)
            at query (C:\Users\visha\agentpay\src\db\index.ts:21:20)
            at authenticateMerchant (C:\Users\visha\agentpay\src\services\merchants.ts:47:20)
            at authenticateApiKey (C:\Users\visha\agentpay\src\middleware\auth.ts:34:22),
        text: 'SELECT id, name, email, wallet_address as "walletAddress", created_at as "createdAt", \n' +
          '              api_key_hash as "apiKeyHash", api_key_salt as "apiKeySalt"\n' +
          '       FROM merchants WHERE is_active = true'
      }

    [0m [90m 26 |[39m     [36mreturn[39m result[33m;[39m
     [90m 27 |[39m   } [36mcatch[39m (error) {
    [31m[1m>[22m[39m[90m 28 |[39m     console[33m.[39merror([32m'Database query error:'[39m[33m,[39m { 
error[33m,[39m text })[33m;[39m
     [90m    |[39m             [31m[1m^[22m[39m
     [90m 29 |[39m     [36mthrow[39m error[33m;[39m
     [90m 30 |[39m   }
     [90m 31 |[39m }[0m

      at query (src/db/index.ts:28:13)
      at authenticateMerchant (src/services/merchants.ts:47:20)
      at authenticateApiKey (src/middleware/auth.ts:34:22)

    console.error
      Database query error: {
        error: Error: SASL: SCRAM-SERVER-FIRST-MESSAGE: client password must be a string
            at C:\Users\visha\agentpay\node_modules\pg-pool\index.js:45:11
            at processTicksAndRejections (node:internal/process/task_queues:95:5)
            at query (C:\Users\visha\agentpay\src\db\index.ts:21:20)
            at authenticateMerchant (C:\Users\visha\agentpay\src\services\merchants.ts:47:20)
            at authenticateApiKey (C:\Users\visha\agentpay\src\middleware\auth.ts:34:22),
        text: 'SELECT id, name, email, wallet_address as "walletAddress", created_at as "createdAt", \n' +
          '              api_key_hash as "apiKeyHash", api_key_salt as "apiKeySalt"\n' +
          '       FROM merchants WHERE is_active = true'
      }

    [0m [90m 26 |[39m     [36mreturn[39m result[33m;[39m
     [90m 27 |[39m   } [36mcatch[39m (error) {
    [31m[1m>[22m[39m[90m 28 |[39m     console[33m.[39merror([32m'Database query error:'[39m[33m,[39m { 
error[33m,[39m text })[33m;[39m
     [90m    |[39m             [31m[1m^[22m[39m
     [90m 29 |[39m     [36mthrow[39m error[33m;[39m
     [90m 30 |[39m   }
     [90m 31 |[39m }[0m

      at query (src/db/index.ts:28:13)
      at authenticateMerchant (src/services/merchants.ts:47:20)
      at authenticateApiKey (src/middleware/auth.ts:34:22)

    console.error
      Database query error: {
        error: Error: SASL: SCRAM-SERVER-FIRST-MESSAGE: client password must be a string
            at C:\Users\visha\agentpay\node_modules\pg-pool\index.js:45:11
            at processTicksAndRejections (node:internal/process/task_queues:95:5)
            at query (C:\Users\visha\agentpay\src\db\index.ts:21:20)
            at authenticateMerchant (C:\Users\visha\agentpay\src\services\merchants.ts:47:20)
            at authenticateApiKey (C:\Users\visha\agentpay\src\middleware\auth.ts:34:22),
        text: 'SELECT id, name, email, wallet_address as "walletAddress", created_at as "createdAt", \n' +
          '              api_key_hash as "apiKeyHash", api_key_salt as "apiKeySalt"\n' +
          '       FROM merchants WHERE is_active = true'
      }

    [0m [90m 26 |[39m     [36mreturn[39m result[33m;[39m
     [90m 27 |[39m   } [36mcatch[39m (error) {
    [31m[1m>[22m[39m[90m 28 |[39m     console[33m.[39merror([32m'Database query error:'[39m[33m,[39m { 
error[33m,[39m text })[33m;[39m
     [90m    |[39m             [31m[1m^[22m[39m
     [90m 29 |[39m     [36mthrow[39m error[33m;[39m
     [90m 30 |[39m   }
     [90m 31 |[39m }[0m

      at query (src/db/index.ts:28:13)
      at authenticateMerchant (src/services/merchants.ts:47:20)
      at authenticateApiKey (src/middleware/auth.ts:34:22)

    console.error
      Database query error: {
        error: Error: SASL: SCRAM-SERVER-FIRST-MESSAGE: client password must be a string
            at C:\Users\visha\agentpay\node_modules\pg-pool\index.js:45:11
            at processTicksAndRejections (node:internal/process/task_queues:95:5)
            at query (C:\Users\visha\agentpay\src\db\index.ts:21:20)
            at authenticateMerchant (C:\Users\visha\agentpay\src\services\merchants.ts:47:20)
            at authenticateApiKey (C:\Users\visha\agentpay\src\middleware\auth.ts:34:22),
        text: 'SELECT id, name, email, wallet_address as "walletAddress", created_at as "createdAt", \n' +
          '              api_key_hash as "apiKeyHash", api_key_salt as "apiKeySalt"\n' +
          '       FROM merchants WHERE is_active = true'
      }

    [0m [90m 26 |[39m     [36mreturn[39m result[33m;[39m
     [90m 27 |[39m   } [36mcatch[39m (error) {
    [31m[1m>[22m[39m[90m 28 |[39m     console[33m.[39merror([32m'Database query error:'[39m[33m,[39m { 
error[33m,[39m text })[33m;[39m
     [90m    |[39m             [31m[1m^[22m[39m
     [90m 29 |[39m     [36mthrow[39m error[33m;[39m
     [90m 30 |[39m   }
     [90m 31 |[39m }[0m

      at query (src/db/index.ts:28:13)
      at authenticateMerchant (src/services/merchants.ts:47:20)
      at authenticateApiKey (src/middleware/auth.ts:34:22)

    console.error
      Database query error: {
        error: Error: SASL: SCRAM-SERVER-FIRST-MESSAGE: client password must be a string
            at C:\Users\visha\agentpay\node_modules\pg-pool\index.js:45:11
            at processTicksAndRejections (node:internal/process/task_queues:95:5)
            at query (C:\Users\visha\agentpay\src\db\index.ts:21:20)
            at Object.registerMerchant (C:\Users\visha\agentpay\src\services\merchants.ts:31:5)
            at C:\Users\visha\agentpay\src\routes\merchants.ts:38:36,
        text: 'INSERT INTO merchants (id, name, email, api_key_hash, api_key_salt, wallet_address, is_active, created_at)\n' +
          '       VALUES ($1, $2, $3, $4, $5, $6, $7, NOW())'
      }

    [0m [90m 26 |[39m     [36mreturn[39m result[33m;[39m
     [90m 27 |[39m   } [36mcatch[39m (error) {
    [31m[1m>[22m[39m[90m 28 |[39m     console[33m.[39merror([32m'Database query error:'[39m[33m,[39m { 
error[33m,[39m text })[33m;[39m
     [90m    |[39m             [31m[1m^[22m[39m
     [90m 29 |[39m     [36mthrow[39m error[33m;[39m
     [90m 30 |[39m   }
     [90m 31 |[39m }[0m

      at query (src/db/index.ts:28:13)
      at Object.registerMerchant (src/services/merchants.ts:31:5)
      at src/routes/merchants.ts:38:36

    console.error
      Database query error: {
        error: Error: SASL: SCRAM-SERVER-FIRST-MESSAGE: client password must be a string
            at C:\Users\visha\agentpay\node_modules\pg-pool\index.js:45:11
            at processTicksAndRejections (node:internal/process/task_queues:95:5)
            at query (C:\Users\visha\agentpay\src\db\index.ts:21:20)
            at authenticateMerchant (C:\Users\visha\agentpay\src\services\merchants.ts:47:20)
            at authenticateApiKey (C:\Users\visha\agentpay\src\middleware\auth.ts:34:22),
        text: 'SELECT id, name, email, wallet_address as "walletAddress", created_at as "createdAt", \n' +
          '              api_key_hash as "apiKeyHash", api_key_salt as "apiKeySalt"\n' +
          '       FROM merchants WHERE is_active = true'
      }

    [0m [90m 26 |[39m     [36mreturn[39m result[33m;[39m
     [90m 27 |[39m   } [36mcatch[39m (error) {
    [31m[1m>[22m[39m[90m 28 |[39m     console[33m.[39merror([32m'Database query error:'[39m[33m,[39m { 
error[33m,[39m text })[33m;[39m
     [90m    |[39m             [31m[1m^[22m[39m
     [90m 29 |[39m     [36mthrow[39m error[33m;[39m
     [90m 30 |[39m   }
     [90m 31 |[39m }[0m

      at query (src/db/index.ts:28:13)
      at authenticateMerchant (src/services/merchants.ts:47:20)
      at authenticateApiKey (src/middleware/auth.ts:34:22)

    console.error
      Database query error: {
        error: Error: SASL: SCRAM-SERVER-FIRST-MESSAGE: client password must be a string
            at C:\Users\visha\agentpay\node_modules\pg-pool\index.js:45:11
            at processTicksAndRejections (node:internal/process/task_queues:95:5)
            at query (C:\Users\visha\agentpay\src\db\index.ts:21:20)
            at authenticateMerchant (C:\Users\visha\agentpay\src\services\merchants.ts:47:20)
            at authenticateApiKey (C:\Users\visha\agentpay\src\middleware\auth.ts:34:22),
        text: 'SELECT id, name, email, wallet_address as "walletAddress", created_at as "createdAt", \n' +
          '              api_key_hash as "apiKeyHash", api_key_salt as "apiKeySalt"\n' +
          '       FROM merchants WHERE is_active = true'
      }

    [0m [90m 26 |[39m     [36mreturn[39m result[33m;[39m
     [90m 27 |[39m   } [36mcatch[39m (error) {
    [31m[1m>[22m[39m[90m 28 |[39m     console[33m.[39merror([32m'Database query error:'[39m[33m,[39m { 
error[33m,[39m text })[33m;[39m
     [90m    |[39m             [31m[1m^[22m[39m
     [90m 29 |[39m     [36mthrow[39m error[33m;[39m
     [90m 30 |[39m   }
     [90m 31 |[39m }[0m

      at query (src/db/index.ts:28:13)
      at authenticateMerchant (src/services/merchants.ts:47:20)
      at authenticateApiKey (src/middleware/auth.ts:34:22)

    console.error
      Database query error: {
        error: Error: SASL: SCRAM-SERVER-FIRST-MESSAGE: client password must be a string
            at C:\Users\visha\agentpay\node_modules\pg-pool\index.js:45:11
            at processTicksAndRejections (node:internal/process/task_queues:95:5)
            at query (C:\Users\visha\agentpay\src\db\index.ts:21:20)
            at authenticateMerchant (C:\Users\visha\agentpay\src\services\merchants.ts:47:20)
            at authenticateApiKey (C:\Users\visha\agentpay\src\middleware\auth.ts:34:22),
        text: 'SELECT id, name, email, wallet_address as "walletAddress", created_at as "createdAt", \n' +
          '              api_key_hash as "apiKeyHash", api_key_salt as "apiKeySalt"\n' +
          '       FROM merchants WHERE is_active = true'
      }

    [0m [90m 26 |[39m     [36mreturn[39m result[33m;[39m
     [90m 27 |[39m   } [36mcatch[39m (error) {
    [31m[1m>[22m[39m[90m 28 |[39m     console[33m.[39merror([32m'Database query error:'[39m[33m,[39m { 
error[33m,[39m text })[33m;[39m
     [90m    |[39m             [31m[1m^[22m[39m
     [90m 29 |[39m     [36mthrow[39m error[33m;[39m
     [90m 30 |[39m   }
     [90m 31 |[39m }[0m

      at query (src/db/index.ts:28:13)
      at authenticateMerchant (src/services/merchants.ts:47:20)
      at authenticateApiKey (src/middleware/auth.ts:34:22)

    console.error
      Database query error: {
        error: Error: SASL: SCRAM-SERVER-FIRST-MESSAGE: client password must be a string
            at C:\Users\visha\agentpay\node_modules\pg-pool\index.js:45:11
            at processTicksAndRejections (node:internal/process/task_queues:95:5)
            at query (C:\Users\visha\agentpay\src\db\index.ts:21:20)
            at authenticateMerchant (C:\Users\visha\agentpay\src\services\merchants.ts:47:20)
            at authenticateApiKey (C:\Users\visha\agentpay\src\middleware\auth.ts:34:22),
        text: 'SELECT id, name, email, wallet_address as "walletAddress", created_at as "createdAt", \n' +
          '              api_key_hash as "apiKeyHash", api_key_salt as "apiKeySalt"\n' +
          '       FROM merchants WHERE is_active = true'
      }

    [0m [90m 26 |[39m     [36mreturn[39m result[33m;[39m
     [90m 27 |[39m   } [36mcatch[39m (error) {
    [31m[1m>[22m[39m[90m 28 |[39m     console[33m.[39merror([32m'Database query error:'[39m[33m,[39m { 
error[33m,[39m text })[33m;[39m
     [90m    |[39m             [31m[1m^[22m[39m
     [90m 29 |[39m     [36mthrow[39m error[33m;[39m
     [90m 30 |[39m   }
     [90m 31 |[39m }[0m

      at query (src/db/index.ts:28:13)
      at authenticateMerchant (src/services/merchants.ts:47:20)
      at authenticateApiKey (src/middleware/auth.ts:34:22)

    console.error
      Database query error: {
        error: Error: SASL: SCRAM-SERVER-FIRST-MESSAGE: client password must be a string
            at C:\Users\visha\agentpay\node_modules\pg-pool\index.js:45:11
            at processTicksAndRejections (node:internal/process/task_queues:95:5)
            at query (C:\Users\visha\agentpay\src\db\index.ts:21:20)
            at authenticateMerchant (C:\Users\visha\agentpay\src\services\merchants.ts:47:20)
            at authenticateApiKey (C:\Users\visha\agentpay\src\middleware\auth.ts:34:22),
        text: 'SELECT id, name, email, wallet_address as "walletAddress", created_at as "createdAt", \n' +
          '              api_key_hash as "apiKeyHash", api_key_salt as "apiKeySalt"\n' +
          '       FROM merchants WHERE is_active = true'
      }

    [0m [90m 26 |[39m     [36mreturn[39m result[33m;[39m
     [90m 27 |[39m   } [36mcatch[39m (error) {
    [31m[1m>[22m[39m[90m 28 |[39m     console[33m.[39merror([32m'Database query error:'[39m[33m,[39m { 
error[33m,[39m text })[33m;[39m
     [90m    |[39m             [31m[1m^[22m[39m
     [90m 29 |[39m     [36mthrow[39m error[33m;[39m
     [90m 30 |[39m   }
     [90m 31 |[39m }[0m

      at query (src/db/index.ts:28:13)
      at authenticateMerchant (src/services/merchants.ts:47:20)
      at authenticateApiKey (src/middleware/auth.ts:34:22)

  ΓùÅ x402 Payment Server ΓÇ║ Merchant Registration ΓÇ║ should register a new merchant

    expect(received).toBe(expected) // Object.is equality

    Expected: 201
    Received: 400

    [0m [90m 46 |[39m         [33m.[39msend(testMerchant)[33m;[39m
     [90m 47 |[39m
    [31m[1m>[22m[39m[90m 48 |[39m       expect(res[33m.[39mstatus)[33m.[39mtoBe([35m201[39m)[33m;[39m
     [90m    |[39m                          [31m[1m^[22m[39m
     [90m 49 |[39m       expect(res[33m.[39mbody[33m.[39msuccess)[33m.[39mtoBe([36mtrue[39m)[33m;[39m
     [90m 50 |[39m       expect(res[33m.[39mbody[33m.[39mapiKey)[33m.[39mtoBeDefined()[33m;[39m
     [90m 51 |[39m       expect(res[33m.[39mbody[33m.[39mmerchantId)[33m.[39mtoBeDefined()[33m;[39m[0m

      at Object.<anonymous> (tests/integration.test.ts:48:26)

  ΓùÅ x402 Payment Server ΓÇ║ Merchant Registration ΓÇ║ should reject duplicate email

    expect(received).toContain(expected) // indexOf

    Expected substring: "already registered"
    Received string:    "SASL: SCRAM-SERVER-FIRST-MESSAGE: client password must be a string"

    [0m [90m 64 |[39m
     [90m 65 |[39m       expect(res[33m.[39mstatus)[33m.[39mtoBe([35m400[39m)[33m;[39m
    [31m[1m>[22m[39m[90m 66 |[39m       expect(res[33m.[39mbody[33m.[39merror)[33m.[39mtoContain([32m'already 
registered'[39m)[33m;[39m
     [90m    |[39m                              [31m[1m^[22m[39m
     [90m 67 |[39m     })[33m;[39m
     [90m 68 |[39m
     [90m 69 |[39m     it([32m'should validate email format'[39m[33m,[39m [36masync[39m () [33m=>[39m {[0m

      at Object.<anonymous> (tests/integration.test.ts:66:30)

  ΓùÅ x402 Payment Server ΓÇ║ Authentication ΓÇ║ should require valid API key

    expect(received).toBe(expected) // Object.is equality

    Expected: 401
    Received: 500

    [0m [90m 112 |[39m         [33m.[39m[36mset[39m([32m'Authorization'[39m[33m,[39m [32m'Bearer 
invalid-key'[39m)[33m;[39m
     [90m 113 |[39m
    [31m[1m>[22m[39m[90m 114 |[39m       expect(res[33m.[39mstatus)[33m.[39mtoBe([35m401[39m)[33m;[39m
     [90m     |[39m                          [31m[1m^[22m[39m
     [90m 115 |[39m       expect(res[33m.[39mbody[33m.[39mcode)[33m.[39mtoBe([32m'AUTH_INVALID'[39m)[33m;[39m
     [90m 116 |[39m     })[33m;[39m
     [90m 117 |[39m[0m

      at Object.<anonymous> (tests/integration.test.ts:114:26)

  ΓùÅ x402 Payment Server ΓÇ║ Authentication ΓÇ║ should accept valid API key

    expect(received).toBe(expected) // Object.is equality

    Expected: 200
    Received: 500

    [0m [90m 121 |[39m         [33m.[39m[36mset[39m([32m'Authorization'[39m[33m,[39m [32m`Bearer 
${apiKey}`[39m)[33m;[39m
     [90m 122 |[39m
    [31m[1m>[22m[39m[90m 123 |[39m       expect(res[33m.[39mstatus)[33m.[39mtoBe([35m200[39m)[33m;[39m
     [90m     |[39m                          [31m[1m^[22m[39m
     [90m 124 |[39m       expect(res[33m.[39mbody[33m.[39mid)[33m.[39mtoBe(merchantId)[33m;[39m
     [90m 125 |[39m     })[33m;[39m
     [90m 126 |[39m[0m

      at Object.<anonymous> (tests/integration.test.ts:123:26)

  ΓùÅ x402 Payment Server ΓÇ║ Payment Requests ΓÇ║ should create payment request

    expect(received).toBe(expected) // Object.is equality

    Expected: 201
    Received: 500

    [0m [90m 155 |[39m         [33m.[39msend(testPayment)[33m;[39m
     [90m 156 |[39m
    [31m[1m>[22m[39m[90m 157 |[39m       expect(res[33m.[39mstatus)[33m.[39mtoBe([35m201[39m)[33m;[39m
     [90m     |[39m                          [31m[1m^[22m[39m
     [90m 158 |[39m       expect(res[33m.[39mbody[33m.[39msuccess)[33m.[39mtoBe([36mtrue[39m)[33m;[39m
     [90m 159 |[39m       expect(res[33m.[39mbody[33m.[39mpaymentId)[33m.[39mtoBeDefined()[33m;[39m
     [90m 160 |[39m       expect(res[33m.[39mbody[33m.[39mtransactionId)[33m.[39mtoBeDefined()[33m;[39m[0m

      at Object.<anonymous> (tests/integration.test.ts:157:26)

  ΓùÅ x402 Payment Server ΓÇ║ Payment Requests ΓÇ║ should validate amount is positive

    expect(received).toBe(expected) // Object.is equality

    Expected: 400
{"level":50,"time":1771295418092,"pid":24872,"hostname":"Rajivs-Lenevo","msg":"Error authenticating merchant"}
::ffff:127.0.0.1 - - [17/Feb/2026:02:30:18 +0000] "GET /api/merchants/profile HTTP/1.1" 500 33 "-" "-"
{"level":50,"time":1771295418092,"pid":24872,"hostname":"Rajivs-Lenevo","msg":"Authentication error:"}
::ffff:127.0.0.1 - - [17/Feb/2026:02:30:18 +0000] "GET /api/protected HTTP/1.1" 401 73 "-" "-"
    Received: 500

    [0m [90m 171 |[39m         })[33m;[39m
     [90m 172 |[39m
    [31m[1m>[22m[39m[90m 173 |[39m       expect(res[33m.[39mstatus)[33m.[39mtoBe([35m400[39m)[33m;[39m
     [90m     |[39m                          [31m[1m^[22m[39m
     [90m 174 |[39m     })[33m;[39m
     [90m 175 |[39m
     [90m 176 |[39m     it([32m'should validate recipient address'[39m[33m,[39m [36masync[39m () [33m=>[39m {[0m

      at Object.<anonymous> (tests/integration.test.ts:173:26)

  ΓùÅ x402 Payment Server ΓÇ║ Payment Requests ΓÇ║ should validate recipient address

    expect(received).toBe(expected) // Object.is equality

    Expected: 400
    Received: 500

    [0m [90m 183 |[39m         })[33m;[39m
     [90m 184 |[39m
    [31m[1m>[22m[39m[90m 185 |[39m       expect(res[33m.[39mstatus)[33m.[39mtoBe([35m400[39m)[33m;[39m
     [90m     |[39m                          [31m[1m^[22m[39m
     [90m 186 |[39m     })[33m;[39m
     [90m 187 |[39m
     [90m 188 |[39m     it([32m'should retrieve payment request'[39m[33m,[39m [36masync[39m () [33m=>[39m {[0m

      at Object.<anonymous> (tests/integration.test.ts:185:26)

  ΓùÅ x402 Payment Server ΓÇ║ Payment Requests ΓÇ║ should retrieve payment request

    expect(received).toBe(expected) // Object.is equality

    Expected: 200
    Received: 500

    [0m [90m 198 |[39m         [33m.[39m[36mset[39m([32m'Authorization'[39m[33m,[39m [32m`Bearer 
${apiKey}`[39m)[33m;[39m
     [90m 199 |[39m
    [31m[1m>[22m[39m[90m 200 |[39m       expect(getRes[33m.[39mstatus)[33m.[39mtoBe([35m200[39m)[33m;[39m
     [90m     |[39m                             [31m[1m^[22m[39m
     [90m 201 |[39m       expect(getRes[33m.[39mbody[33m.[39mid)[33m.[39mtoBe(transactionId)[33m;[39m
     [90m 202 |[39m     })[33m;[39m
     [90m 203 |[39m[0m

      at Object.<anonymous> (tests/integration.test.ts:200:29)

  ΓùÅ x402 Payment Server ΓÇ║ Payment Requests ΓÇ║ should list merchant payments

    expect(received).toBe(expected) // Object.is equality

    Expected: 200
    Received: 500

    [0m [90m 207 |[39m         [33m.[39m[36mset[39m([32m'Authorization'[39m[33m,[39m [32m`Bearer 
${apiKey}`[39m)[33m;[39m
     [90m 208 |[39m
    [31m[1m>[22m[39m[90m 209 |[39m       expect(res[33m.[39mstatus)[33m.[39mtoBe([35m200[39m)[33m;[39m
     [90m     |[39m                          [31m[1m^[22m[39m
     [90m 210 |[39m       expect(res[33m.[39mbody[33m.[39msuccess)[33m.[39mtoBe([36mtrue[39m)[33m;[39m
     [90m 211 |[39m       
expect([33mArray[39m[33m.[39misArray(res[33m.[39mbody[33m.[39mtransactions))[33m.[39mtoBe([36mtrue[39m)[33m;[39m
     [90m 212 |[39m       expect(res[33m.[39mbody[33m.[39mstats)[33m.[39mtoBeDefined()[33m;[39m[0m

      at Object.<anonymous> (tests/integration.test.ts:209:26)

  ΓùÅ x402 Payment Server ΓÇ║ Security Tests ΓÇ║ should not allow unauthorized access to other merchant transactions

    expect(received).toBe(expected) // Object.is equality

    Expected: 403
    Received: 500

    [0m [90m 254 |[39m         [33m.[39m[36mset[39m([32m'Authorization'[39m[33m,[39m [32m`Bearer 
${merchant2ApiKey}`[39m)[33m;[39m
     [90m 255 |[39m
    [31m[1m>[22m[39m[90m 256 |[39m       expect(res[33m.[39mstatus)[33m.[39mtoBe([35m403[39m)[33m;[39m
     [90m     |[39m                          [31m[1m^[22m[39m
     [90m 257 |[39m     })[33m;[39m
     [90m 258 |[39m
     [90m 259 |[39m     it([32m'should validate payment verification input'[39m[33m,[39m [36masync[39m () [33m=>[39m 
{[0m

      at Object.<anonymous> (tests/integration.test.ts:256:26)

  ΓùÅ x402 Payment Server ΓÇ║ Security Tests ΓÇ║ should validate payment verification input

    expect(received).toBe(expected) // Object.is equality

    Expected: 400
    Received: 500

    [0m [90m 272 |[39m         })[33m;[39m
     [90m 273 |[39m
    [31m[1m>[22m[39m[90m 274 |[39m       expect(res[33m.[39mstatus)[33m.[39mtoBe([35m400[39m)[33m;[39m
     [90m     |[39m                          [31m[1m^[22m[39m
     [90m 275 |[39m     })[33m;[39m
     [90m 276 |[39m
     [90m 277 |[39m     it([32m'should log security events'[39m[33m,[39m [36masync[39m () [33m=>[39m {[0m

      at Object.<anonymous> (tests/integration.test.ts:274:26)

  ΓùÅ x402 Payment Server ΓÇ║ Statistics ΓÇ║ should return merchant statistics

    expect(received).toBe(expected) // Object.is equality

    Expected: 200
    Received: 500

    [0m [90m 318 |[39m         [33m.[39m[36mset[39m([32m'Authorization'[39m[33m,[39m [32m`Bearer 
${apiKey}`[39m)[33m;[39m
     [90m 319 |[39m
    [31m[1m>[22m[39m[90m 320 |[39m       expect(res[33m.[39mstatus)[33m.[39mtoBe([35m200[39m)[33m;[39m
     [90m     |[39m                          [31m[1m^[22m[39m
     [90m 321 |[39m       expect(res[33m.[39mbody[33m.[39msuccess)[33m.[39mtoBe([36mtrue[39m)[33m;[39m
     [90m 322 |[39m       expect(res[33m.[39mbody[33m.[39mtotalTransactions)[33m.[39mtoBe([35m3[39m)[33m;[39m
     [90m 323 |[39m       expect(res[33m.[39mbody[33m.[39mpendingCount)[33m.[39mtoBe([35m3[39m)[33m;[39m[0m

      at Object.<anonymous> (tests/integration.test.ts:320:26)

  ΓùÅ x402 Payment Server ΓÇ║ Rate Limiting ΓÇ║ should enforce rate limits

    expect(received).toBe(expected) // Object.is equality

    Expected: 200
    Received: 500

    [0m [90m 348 |[39m       [90m// All should succeed for legitimate API calls[39m
     [90m 349 |[39m       results[33m.[39mforEach((status) [33m=>[39m {
    [31m[1m>[22m[39m[90m 350 |[39m         expect(status)[33m.[39mtoBe([35m200[39m)[33m;[39m
     [90m     |[39m                        [31m[1m^[22m[39m
     [90m 351 |[39m       })[33m;[39m
     [90m 352 |[39m     })[33m;[39m
     [90m 353 |[39m   })[33m;[39m[0m

      at tests/integration.test.ts:350:24
          at Array.forEach (<anonymous>)
      at Object.<anonymous> (tests/integration.test.ts:349:15)

  ΓùÅ HTTP 402 Payment Required ΓÇ║ should return 402 for protected endpoints

    expect(received).toBe(expected) // Object.is equality

    Expected: 402
    Received: 401

    [0m [90m 358 |[39m     [36mconst[39m res [33m=[39m [36mawait[39m 
request(app)[33m.[39m[36mget[39m([32m'/api/protected'[39m)[33m;[39m
     [90m 359 |[39m
    [31m[1m>[22m[39m[90m 360 |[39m     expect(res[33m.[39mstatus)[33m.[39mtoBe([35m402[39m)[33m;[39m
     [90m     |[39m                        [31m[1m^[22m[39m
     [90m 361 |[39m     expect(res[33m.[39mbody[33m.[39mcode)[33m.[39mtoBe([32m'PAYMENT_REQUIRED'[39m)[33m;[39m
     [90m 362 |[39m   })[33m;[39m
     [90m 363 |[39m })[33m;[39m[0m

      at Object.<anonymous> (tests/integration.test.ts:360:24)


  ΓùÅ Test suite failed to run

    Called end on pool more than once

    [0m [90m 364 |[39m
     [90m 365 |[39m afterAll([36masync[39m () [33m=>[39m {
    [31m[1m>[22m[39m[90m 366 |[39m   [36mawait[39m pool[33m.[39mend()[33m;[39m
     [90m     |[39m              [31m[1m^[22m[39m
     [90m 367 |[39m })[33m;[39m[0m

      at BoundPool.end (node_modules/pg-pool/index.js:455:19)
      at Object.<anonymous> (tests/integration.test.ts:366:14)

A worker process has failed to exit gracefully and has been force exited. This is likely caused by tests leaking due to 
improper teardown. Try running with --detectOpenHandles to find leaks. Active timers can also cause this, ensure that .unref() 
was called on them.
Test Suites: 2 failed, 2 total
Tests:       15 failed, 15 passed, 30 total
Snapshots:   0 total
Time:        6.328 s
Ran all test suites.
